// Jest Snapshot v1, https://goo.gl/fbAQLP

exports[`renders null if id invideo component no specified 1`] = `""`;

exports[`renders video component 1`] = `
<div
  className="video-container"
>
  <div
    className="video"
  >
    <iframe
      allow="autoplay; encrypted-media"
      allowFullScreen={true}
      className="video-player"
      frameBorder="0"
      src="https://www.youtube.com/embed/HAuXJVI_bUs?autoplay=0"
      title="video"
    />
  </div>
</div>
`;
