// Jest Snapshot v1, https://goo.gl/fbAQLP

exports[`SideBarFooter renders 1`] = `
<Fragment>
  <div
    className="footer-block"
  >
    <div>
      About Press Copyright
    </div>
    <div>
      Creators Advertise
    </div>
    <div>
      Developers +MyTube
    </div>
    <div>
      Legal
    </div>
  </div>
  <div
    className="footer-block"
  >
    <div>
      Terms Privacy
    </div>
    <div>
      Policy & Safety
    </div>
    <div>
      Test new features
    </div>
  </div>
  <div
    className="footer-block"
  >
    <div>
      All prices include Tax
    </div>
  </div>
  <div
    className="footer-block"
  >
    <div>
      Â© Jurgen Kela - A Youtube clone for portfolio purposes.
    </div>
  </div>
</Fragment>
`;
